
Warning1
Warning1
